#description:
'add_integer(a, b)': return the sum (a + b) of two integers or floats.

#Import of fonction:
>>> add_integer = __import__("0-add_integer").add_integer

Example usage:
#base case
>>> add_integer(5, 7)
12
>>> add_integer(5, -7)
-2

# case with default value for b
>>> add_integer(2)
100

# case with floats
>>> add_integer(100.3, -2)
98
# case with incorrect types
>>> add_integer(4, "School")
Traceback (most recent call last):
    ...
TypeError: b must be an integer or a float
>>> add_integer("School", 4)
Traceback (most recent call last):
    ...
TypeError: a must be an integer or a float
>>> add_integer(None, 5)
Traceback (most recent call last):
    ...
TypeError: a must be an integer or a float
